[web.archive.org/web/20010723055946/http_/www.summittfamilyquarterly.org/index.html]
[web-static.archive.org/_static/js/bundle-playback5c82.js]
[web-static.archive.org/_static/js/wombat9b8c.js]
[web-static.archive.org/_static/js/ruffle/ruffle.js]
[web-static.archive.org/_static/css/banner-styles3ae1.css]
[backblue.gif]
[fade.gif]
[index.html]
[web-static.archive.org/_static/css/iconochive29a7.css]
[web.archive.org/web/20131210130953im_/http_/summittfamilyquarterly.org/_themes/tmres/researchbg.gif]
[web.archive.org/web/20010813194053im_/http_/summittfamilyquarterly.org/_derived/index.html_cmp_tmres110_bnr.gif]
[web.archive.org/web/20010813194945/http_/summittfamilyquarterly.org/_derived/whatsnew.htm_cmp_tmres110_vbtn.gif]
[web.archive.org/web/20010723055946/http_/www.summittfamilyquarterly.org/_derived/whatsnew.htm_cmp_tmres110_vbtn_a.gif]
[web.archive.org/web/20010813194945im_/http_/summittfamilyquarterly.org/_derived/whatsnew.htm_cmp_tmres110_vbtn.gif]
[web.archive.org/web/20010813194214/http_/summittfamilyquarterly.org/_derived/previous_issues.htm_cmp_tmres110_vbtn.gif]
[web.archive.org/web/20010723055946/http_/www.summittfamilyquarterly.org/_derived/previous_issues.htm_cmp_tmres110_vbtn_a.gif]
[web.archive.org/web/20010813194214im_/http_/summittfamilyquarterly.org/_derived/previous_issues.htm_cmp_tmres110_vbtn.gif]
[web.archive.org/web/20010813193121/http_/summittfamilyquarterly.org/_derived/FamHistIndex.htm_cmp_tmres110_vbtn.gif]
[web.archive.org/web/20010723055946/http_/www.summittfamilyquarterly.org/_derived/FamHistIndex.htm_cmp_tmres110_vbtn_a.gif]
[web.archive.org/web/20010813193121im_/http_/summittfamilyquarterly.org/_derived/FamHistIndex.htm_cmp_tmres110_vbtn.gif]
[web.archive.org/web/20010813193719/http_/summittfamilyquarterly.org/_derived/SpecialPages.htm_cmp_tmres110_vbtn.gif]
[web.archive.org/web/20010723055946/http_/www.summittfamilyquarterly.org/_derived/SpecialPages.htm_cmp_tmres110_vbtn_a.gif]
[web.archive.org/web/20010813193719im_/http_/summittfamilyquarterly.org/_derived/SpecialPages.htm_cmp_tmres110_vbtn.gif]
[web.archive.org/web/20010813193648/http_/summittfamilyquarterly.org/_derived/bdcalc.htm_cmp_tmres110_vbtn.gif]
[web.archive.org/web/20010723055946/http_/www.summittfamilyquarterly.org/_derived/bdcalc.htm_cmp_tmres110_vbtn_a.gif]
[web.archive.org/web/20010813193648im_/http_/summittfamilyquarterly.org/_derived/bdcalc.htm_cmp_tmres110_vbtn.gif]
[web.archive.org/web/20020423032726/http_/summittfamilyquarterly.org/_derived/subscribe.htm_cmp_tmres110_vbtn.gif]
[web.archive.org/web/20020423032959/http_/summittfamilyquarterly.org/_derived/subscribe.htm_cmp_tmres110_vbtn_a.gif]
[web.archive.org/web/20020423032726im_/http_/summittfamilyquarterly.org/_derived/subscribe.htm_cmp_tmres110_vbtn.gif]
[web.archive.org/web/20010813193841/http_/summittfamilyquarterly.org/_derived/guestbook.htm_cmp_tmres110_vbtn.gif]
[web.archive.org/web/20020401205457/http_/summittfamilyquarterly.org/_derived/guestbook.htm_cmp_tmres110_vbtn_a.gif]
[web.archive.org/web/20010813193841im_/http_/summittfamilyquarterly.org/_derived/guestbook.htm_cmp_tmres110_vbtn.gif]
[web.archive.org/web/20010813194712/http_/summittfamilyquarterly.org/_derived/search.htm_cmp_tmres110_vbtn.gif]
[web.archive.org/web/20010723055946/http_/www.summittfamilyquarterly.org/_derived/search.htm_cmp_tmres110_vbtn_a.gif]
[web.archive.org/web/20010813194712im_/http_/summittfamilyquarterly.org/_derived/search.htm_cmp_tmres110_vbtn.gif]
[web.archive.org/web/20010813193600/http_/summittfamilyquarterly.org/_derived/PrivacyPolicy.htm_cmp_tmres110_vbtn.gif]
[web.archive.org/web/20010723055946/http_/www.summittfamilyquarterly.org/_derived/PrivacyPolicy.htm_cmp_tmres110_vbtn_a.gif]
[web.archive.org/web/20010813193600im_/http_/summittfamilyquarterly.org/_derived/PrivacyPolicy.htm_cmp_tmres110_vbtn.gif]
[web.archive.org/web/20010804000517im_/http_/ancestry.com/images/bluewhite550.gif]
[web.archive.org/web/20020423033744im_/http_/summittfamilyquarterly.org/_themes/tmres/researchline.gif]
[web.archive.org/web/20010813194959im_/http_/summittfamilyquarterly.org/_themes/tmres/researchbul1.gif]
[web.archive.org/web/20010723055946/http_/www.summittfamilyquarterly.org/SFQ/Vol7Iss2pg01.pdf]
[web.archive.org/web/20010723055946/http_/www.summittfamilyquarterly.org/index.html]
[web-static.archive.org/_static/css/banner-styles3ae1.css]
[web-static.archive.org/_static/css/iconochive29a7.css]
[web.archive.org/web/20010723055946/http_/www.summittfamilyquarterly.org/_derived/whatsnew.htm_cmp_tmres110_vbtn_a.html]
[web.archive.org/web/20010723055946/http_/www.summittfamilyquarterly.org/_derived/previous_issues.htm_cmp_tmres110_vbtn_a.html]
[web.archive.org/web/20010723055946/http_/www.summittfamilyquarterly.org/_derived/FamHistIndex.htm_cmp_tmres110_vbtn_a.html]
[web.archive.org/web/20010723055946/http_/www.summittfamilyquarterly.org/_derived/SpecialPages.htm_cmp_tmres110_vbtn_a.html]
[web.archive.org/web/20010723055946/http_/www.summittfamilyquarterly.org/_derived/bdcalc.htm_cmp_tmres110_vbtn_a.html]
[web.archive.org/web/20010723055946/http_/www.summittfamilyquarterly.org/_derived/search.htm_cmp_tmres110_vbtn_a.html]
[web.archive.org/web/20010723055946/http_/www.summittfamilyquarterly.org/_derived/PrivacyPolicy.htm_cmp_tmres110_vbtn_a.html]
[web.archive.org/web/20010723055946/http_/www.summittfamilyquarterly.org/SFQ/Vol7Iss2pg01.html]
